// Jest Snapshot v1, https://goo.gl/fbAQLP

exports[`message renders props.msg when passed 1`] = `<h1>new message</h1>`;
